logseverity=fatal message="Invalid handle: Invalid Params (-32602)"
