logseverity=info message="Reload finished successfully"
logseverity=info message=Saving...
logseverity=info message=Done
