logseverity=info message="Reload finished successfully"
