logseverity=info message="LIB CONNECT TO myconnection;\n\nTableA:\nSELECT A;\n"
